#
# There is insufficient memory for the Java Runtime Environment to continue.
# Native memory allocation (malloc) failed to allocate 1268656 bytes. Error detail: Chunk::new
# Possible reasons:
#   The system is out of physical RAM or swap space
#   This process is running with CompressedOops enabled, and the Java Heap may be blocking the growth of the native heap
# Possible solutions:
#   Reduce memory load on the system
#   Increase physical memory or swap space
#   Check if swap backing store is full
#   Decrease Java heap size (-Xmx/-Xms)
#   Decrease number of Java threads
#   Decrease Java thread stack sizes (-Xss)
#   Set larger code cache with -XX:ReservedCodeCacheSize=
#   JVM is running with Unscaled Compressed Oops mode in which the Java heap is
#     placed in the first 4GB address space. The Java Heap base address is the
#     maximum limit for the native heap growth. Please use -XX:HeapBaseMinAddress
#     to set the Java Heap base and to place the Java Heap above 4GB virtual address.
# This output file may be truncated or incomplete.
#
#  Out of Memory Error (arena.cpp:168), pid=16052, tid=6648
#
# JRE version: OpenJDK Runtime Environment Temurin-21.0.7+6 (21.0.7+6) (build 21.0.7+6-LTS)
# Java VM: OpenJDK 64-Bit Server VM Temurin-21.0.7+6 (21.0.7+6-LTS, mixed mode, sharing, tiered, compressed oops, compressed class ptrs, parallel gc, windows-amd64)
# No core dump will be written. Minidumps are not enabled by default on client versions of Windows
#

---------------  S U M M A R Y ------------

Command Line: --add-modules=ALL-SYSTEM --add-opens=java.base/java.util=ALL-UNNAMED --add-opens=java.base/java.lang=ALL-UNNAMED --add-opens=java.base/sun.nio.fs=ALL-UNNAMED -Declipse.application=org.eclipse.jdt.ls.core.id1 -Dosgi.bundles.defaultStartLevel=4 -Declipse.product=org.eclipse.jdt.ls.core.product -Djava.import.generatesMetadataFilesAtProjectRoot=false -DDetectVMInstallationsJob.disabled=true -Dfile.encoding=utf8 -XX:+UseParallelGC -XX:GCTimeRatio=4 -XX:AdaptiveSizePolicyWeight=90 -Dsun.zip.disableMemoryMapping=true -Xmx2G -Xms100m -Xlog:disable -javaagent:c:\Users\Ganesh\.vscode\extensions\redhat.java-1.43.1-win32-x64\lombok\lombok-1.18.39-4050.jar -XX:+HeapDumpOnOutOfMemoryError -XX:HeapDumpPath=c:\Users\Ganesh\AppData\Roaming\Code\User\workspaceStorage\d152122f1f3a3772a7c5a3d3f7966e4b\redhat.java -Daether.dependencyCollector.impl=bf c:\Users\Ganesh\.vscode\extensions\redhat.java-1.43.1-win32-x64\server\plugins\org.eclipse.equinox.launcher_1.7.0.v20250519-0528.jar -configuration c:\Users\Ganesh\AppData\Roaming\Code\User\globalStorage\redhat.java\1.43.1\config_win -data c:\Users\Ganesh\AppData\Roaming\Code\User\workspaceStorage\d152122f1f3a3772a7c5a3d3f7966e4b\redhat.java\jdt_ws --pipe=\\.\pipe\lsp-62fb870d29ff1408e6ba613dce759bd4-sock

Host: 12th Gen Intel(R) Core(TM) i5-1235U, 12 cores, 15G,  Windows 11 , 64 bit Build 26100 (10.0.26100.4484)
Time: Sat Jul 19 23:07:35 2025 India Standard Time elapsed time: 40.883414 seconds (0d 0h 0m 40s)

---------------  T H R E A D  ---------------

Current thread (0x0000022c5578d3f0):  JavaThread "C2 CompilerThread0" daemon [_thread_in_native, id=6648, stack(0x000000f9cc100000,0x000000f9cc200000) (1024K)]


Current CompileTask:
C2:40883 9893   !   4       lombok.core.AST::buildWithField0 (121 bytes)

Stack: [0x000000f9cc100000,0x000000f9cc200000]
Native frames: (J=compiled Java code, j=interpreted, Vv=VM code, C=native code)
V  [jvm.dll+0x6ce119]
V  [jvm.dll+0x8a84a1]
V  [jvm.dll+0x8aa9ce]
V  [jvm.dll+0x8ab0b3]
V  [jvm.dll+0x27f8a6]
V  [jvm.dll+0xc507d]
V  [jvm.dll+0xc55b3]
V  [jvm.dll+0x3b68f2]
V  [jvm.dll+0x1dfe33]
V  [jvm.dll+0x247c42]
V  [jvm.dll+0x2470cf]
V  [jvm.dll+0x1c760e]
V  [jvm.dll+0x25695a]
V  [jvm.dll+0x254efa]
V  [jvm.dll+0x3f03f6]
V  [jvm.dll+0x851f6b]
V  [jvm.dll+0x6cc7dd]
C  [ucrtbase.dll+0x37b0]
C  [KERNEL32.DLL+0x2e8d7]
C  [ntdll.dll+0x3c34c]


---------------  P R O C E S S  ---------------

Threads class SMR info:
_java_thread_list=0x0000022c7544d090, length=78, elements={
0x0000022c531bac70, 0x0000022c5577ef50, 0x0000022c55781220, 0x0000022c557875b0,
0x0000022c55786200, 0x0000022c55786890, 0x0000022c557854e0, 0x0000022c5578d3f0,
0x0000022c6d437a40, 0x0000022c55786f20, 0x0000022c55787c40, 0x0000022c55784e50,
0x0000022c557847c0, 0x0000022c73004ed0, 0x0000022c73003490, 0x0000022c73005560,
0x0000022c73002770, 0x0000022c730020e0, 0x0000022c73003b20, 0x0000022c73005bf0,
0x0000022c737542c0, 0x0000022c73002e00, 0x0000022c73006910, 0x0000022c73006fa0,
0x0000022c74b0e2b0, 0x0000022c73007cc0, 0x0000022c73004840, 0x0000022c73008350,
0x0000022c73009070, 0x0000022c73007630, 0x0000022c730089e0, 0x0000022c73009700,
0x0000022c76e21b40, 0x0000022c76e1f3e0, 0x0000022c76e20100, 0x0000022c76e22860,
0x0000022c76e20790, 0x0000022c76e20e20, 0x0000022c76e214b0, 0x0000022c76e22ef0,
0x0000022c76e1fa70, 0x0000022c76e23580, 0x0000022c76e23c10, 0x0000022c76e25650,
0x0000022c76e242a0, 0x0000022c76e25ce0, 0x0000022c730041b0, 0x0000022c73bf14d0,
0x0000022c73befa90, 0x0000022c73bf35a0, 0x0000022c73bf2f10, 0x0000022c73bf0120,
0x0000022c73bf21f0, 0x0000022c73bf1b60, 0x0000022c73bf07b0, 0x0000022c73bf3c30,
0x0000022c73bf2880, 0x0000022c73bf42c0, 0x0000022c73bf0e40, 0x0000022c73bf5670,
0x0000022c73bf5d00, 0x0000022c73bf6390, 0x0000022c73bf6a20, 0x0000022c73bf70b0,
0x0000022c73bf4950, 0x0000022c73bf4fe0, 0x0000022c77c4c770, 0x0000022c77c4e1b0,
0x0000022c77c4eed0, 0x0000022c77c4f560, 0x0000022c77c4c0e0, 0x0000022c77c50fa0,
0x0000022c77c50910, 0x0000022c77c51630, 0x0000022c77c4fbf0, 0x0000022c77c529e0,
0x0000022c77c53070, 0x0000022c77c52350
}

Java Threads: ( => current thread )
  0x0000022c531bac70 JavaThread "main"                              [_thread_blocked, id=8248, stack(0x000000f9cb700000,0x000000f9cb800000) (1024K)]
  0x0000022c5577ef50 JavaThread "Reference Handler"          daemon [_thread_blocked, id=23052, stack(0x000000f9cbb00000,0x000000f9cbc00000) (1024K)]
  0x0000022c55781220 JavaThread "Finalizer"                  daemon [_thread_blocked, id=26056, stack(0x000000f9cbc00000,0x000000f9cbd00000) (1024K)]
  0x0000022c557875b0 JavaThread "Signal Dispatcher"          daemon [_thread_blocked, id=7988, stack(0x000000f9cbd00000,0x000000f9cbe00000) (1024K)]
  0x0000022c55786200 JavaThread "Attach Listener"            daemon [_thread_blocked, id=11300, stack(0x000000f9cbe00000,0x000000f9cbf00000) (1024K)]
  0x0000022c55786890 JavaThread "Service Thread"             daemon [_thread_blocked, id=26780, stack(0x000000f9cbf00000,0x000000f9cc000000) (1024K)]
  0x0000022c557854e0 JavaThread "Monitor Deflation Thread"   daemon [_thread_blocked, id=26324, stack(0x000000f9cc000000,0x000000f9cc100000) (1024K)]
=>0x0000022c5578d3f0 JavaThread "C2 CompilerThread0"         daemon [_thread_in_native, id=6648, stack(0x000000f9cc100000,0x000000f9cc200000) (1024K)]
  0x0000022c6d437a40 JavaThread "C1 CompilerThread0"         daemon [_thread_in_native, id=27932, stack(0x000000f9cc200000,0x000000f9cc300000) (1024K)]
  0x0000022c55786f20 JavaThread "Common-Cleaner"             daemon [_thread_blocked, id=16104, stack(0x000000f9cc300000,0x000000f9cc400000) (1024K)]
  0x0000022c55787c40 JavaThread "Notification Thread"        daemon [_thread_blocked, id=21248, stack(0x000000f9cc400000,0x000000f9cc500000) (1024K)]
  0x0000022c55784e50 JavaThread "Active Thread: Equinox Container: f94d7e92-f2fa-44f3-9892-9959e9c2886f"        [_thread_blocked, id=25712, stack(0x000000f9cc500000,0x000000f9cc600000) (1024K)]
  0x0000022c557847c0 JavaThread "Refresh Thread: Equinox Container: f94d7e92-f2fa-44f3-9892-9959e9c2886f" daemon [_thread_blocked, id=22720, stack(0x000000f9ccc00000,0x000000f9ccd00000) (1024K)]
  0x0000022c73004ed0 JavaThread "Framework Event Dispatcher: Equinox Container: f94d7e92-f2fa-44f3-9892-9959e9c2886f" daemon [_thread_blocked, id=28524, stack(0x000000f9cce00000,0x000000f9ccf00000) (1024K)]
  0x0000022c73003490 JavaThread "Start Level: Equinox Container: f94d7e92-f2fa-44f3-9892-9959e9c2886f" daemon [_thread_blocked, id=23756, stack(0x000000f9ccf00000,0x000000f9cd000000) (1024K)]
  0x0000022c73005560 JavaThread "Bundle File Closer"         daemon [_thread_blocked, id=11464, stack(0x000000f9cd300000,0x000000f9cd400000) (1024K)]
  0x0000022c73002770 JavaThread "SCR Component Actor"        daemon [_thread_blocked, id=19304, stack(0x000000f9cd000000,0x000000f9cd100000) (1024K)]
  0x0000022c730020e0 JavaThread "Worker-JM"                         [_thread_blocked, id=26960, stack(0x000000f9cd600000,0x000000f9cd700000) (1024K)]
  0x0000022c73003b20 JavaThread "JNA Cleaner"                daemon [_thread_blocked, id=15604, stack(0x000000f9cd500000,0x000000f9cd600000) (1024K)]
  0x0000022c73005bf0 JavaThread "Worker-0"                          [_thread_blocked, id=24208, stack(0x000000f9cd700000,0x000000f9cd800000) (1024K)]
  0x0000022c737542c0 JavaThread "C2 CompilerThread1"         daemon [_thread_in_native, id=26444, stack(0x000000f9cd800000,0x000000f9cd900000) (1024K)]
  0x0000022c73002e00 JavaThread "Worker-1"                          [_thread_blocked, id=27368, stack(0x000000f9cd900000,0x000000f9cda00000) (1024K)]
  0x0000022c73006910 JavaThread "Worker-2"                          [_thread_blocked, id=19692, stack(0x000000f9cda00000,0x000000f9cdb00000) (1024K)]
  0x0000022c73006fa0 JavaThread "Java indexing"              daemon [_thread_blocked, id=20496, stack(0x000000f9cdb00000,0x000000f9cdc00000) (1024K)]
  0x0000022c74b0e2b0 JavaThread "C2 CompilerThread2"         daemon [_thread_in_native, id=19492, stack(0x000000f9cdc00000,0x000000f9cdd00000) (1024K)]
  0x0000022c73007cc0 JavaThread "Worker-3"                          [_thread_blocked, id=14084, stack(0x000000f9cdf00000,0x000000f9ce000000) (1024K)]
  0x0000022c73004840 JavaThread "Worker-4: Java indexing... "        [_thread_blocked, id=26908, stack(0x000000f9ce000000,0x000000f9ce100000) (1024K)]
  0x0000022c73008350 JavaThread "Worker-5: Building"                [_thread_blocked, id=4608, stack(0x000000f9ce100000,0x000000f9ce200000) (1024K)]
  0x0000022c73009070 JavaThread "Worker-6"                          [_thread_blocked, id=20092, stack(0x000000f9ce200000,0x000000f9ce300000) (1024K)]
  0x0000022c73007630 JavaThread "Thread-2"                   daemon [_thread_in_native, id=13744, stack(0x000000f9ce300000,0x000000f9ce400000) (1024K)]
  0x0000022c730089e0 JavaThread "Thread-3"                   daemon [_thread_in_native, id=16212, stack(0x000000f9ce400000,0x000000f9ce500000) (1024K)]
  0x0000022c73009700 JavaThread "Thread-4"                   daemon [_thread_in_native, id=25392, stack(0x000000f9ce500000,0x000000f9ce600000) (1024K)]
  0x0000022c76e21b40 JavaThread "Thread-5"                   daemon [_thread_in_native, id=18676, stack(0x000000f9ce600000,0x000000f9ce700000) (1024K)]
  0x0000022c76e1f3e0 JavaThread "Thread-6"                   daemon [_thread_in_native, id=17764, stack(0x000000f9ce700000,0x000000f9ce800000) (1024K)]
  0x0000022c76e20100 JavaThread "Thread-7"                   daemon [_thread_in_native, id=6168, stack(0x000000f9ce800000,0x000000f9ce900000) (1024K)]
  0x0000022c76e22860 JavaThread "Thread-8"                   daemon [_thread_in_native, id=18848, stack(0x000000f9ce900000,0x000000f9cea00000) (1024K)]
  0x0000022c76e20790 JavaThread "Thread-9"                   daemon [_thread_in_native, id=23036, stack(0x000000f9cea00000,0x000000f9ceb00000) (1024K)]
  0x0000022c76e20e20 JavaThread "Thread-10"                  daemon [_thread_in_native, id=13512, stack(0x000000f9ceb00000,0x000000f9cec00000) (1024K)]
  0x0000022c76e214b0 JavaThread "Thread-11"                  daemon [_thread_in_native, id=23628, stack(0x000000f9cec00000,0x000000f9ced00000) (1024K)]
  0x0000022c76e22ef0 JavaThread "Thread-12"                  daemon [_thread_in_native, id=8148, stack(0x000000f9ced00000,0x000000f9cee00000) (1024K)]
  0x0000022c76e1fa70 JavaThread "Thread-13"                  daemon [_thread_in_native, id=7744, stack(0x000000f9cee00000,0x000000f9cef00000) (1024K)]
  0x0000022c76e23580 JavaThread "Thread-14"                  daemon [_thread_in_native, id=24364, stack(0x000000f9cef00000,0x000000f9cf000000) (1024K)]
  0x0000022c76e23c10 JavaThread "pool-2-thread-1"                   [_thread_blocked, id=25564, stack(0x000000f9cf000000,0x000000f9cf100000) (1024K)]
  0x0000022c76e25650 JavaThread "WorkspaceEventsHandler"            [_thread_blocked, id=1760, stack(0x000000f9cf100000,0x000000f9cf200000) (1024K)]
  0x0000022c76e242a0 JavaThread "pool-1-thread-1"                   [_thread_blocked, id=22232, stack(0x000000f9cf200000,0x000000f9cf300000) (1024K)]
  0x0000022c76e25ce0 JavaThread "LocalFile Deleter"          daemon [_thread_blocked, id=14948, stack(0x000000f9cd400000,0x000000f9cd500000) (1024K)]
  0x0000022c730041b0 JavaThread "LocalFile Deleter"          daemon [_thread_blocked, id=26632, stack(0x000000f9cf300000,0x000000f9cf400000) (1024K)]
  0x0000022c73bf14d0 JavaThread "LocalFile Deleter"          daemon [_thread_blocked, id=18048, stack(0x000000f9cf400000,0x000000f9cf500000) (1024K)]
  0x0000022c73befa90 JavaThread "LocalFile Deleter"          daemon [_thread_blocked, id=24832, stack(0x000000f9cf500000,0x000000f9cf600000) (1024K)]
  0x0000022c73bf35a0 JavaThread "LocalFile Deleter"          daemon [_thread_blocked, id=23148, stack(0x000000f9cf600000,0x000000f9cf700000) (1024K)]
  0x0000022c73bf2f10 JavaThread "LocalFile Deleter"          daemon [_thread_blocked, id=23876, stack(0x000000f9cf700000,0x000000f9cf800000) (1024K)]
  0x0000022c73bf0120 JavaThread "LocalFile Deleter"          daemon [_thread_blocked, id=22676, stack(0x000000f9cf800000,0x000000f9cf900000) (1024K)]
  0x0000022c73bf21f0 JavaThread "LocalFile Deleter"          daemon [_thread_blocked, id=28460, stack(0x000000f9cf900000,0x000000f9cfa00000) (1024K)]
  0x0000022c73bf1b60 JavaThread "LocalFile Deleter"          daemon [_thread_blocked, id=21836, stack(0x000000f9cfa00000,0x000000f9cfb00000) (1024K)]
  0x0000022c73bf07b0 JavaThread "LocalFile Deleter"          daemon [_thread_blocked, id=9704, stack(0x000000f9cfb00000,0x000000f9cfc00000) (1024K)]
  0x0000022c73bf3c30 JavaThread "LocalFile Deleter"          daemon [_thread_blocked, id=20868, stack(0x000000f9cfc00000,0x000000f9cfd00000) (1024K)]
  0x0000022c73bf2880 JavaThread "LocalFile Deleter"          daemon [_thread_blocked, id=14368, stack(0x000000f9cfd00000,0x000000f9cfe00000) (1024K)]
  0x0000022c73bf42c0 JavaThread "Compiler Source File Reader" daemon [_thread_blocked, id=1456, stack(0x000000f9cfe00000,0x000000f9cff00000) (1024K)]
  0x0000022c73bf0e40 JavaThread "Compiler Source File Reader" daemon [_thread_blocked, id=20448, stack(0x000000f9cff00000,0x000000f9d0000000) (1024K)]
  0x0000022c73bf5670 JavaThread "Compiler Source File Reader" daemon [_thread_blocked, id=24148, stack(0x000000f9d0000000,0x000000f9d0100000) (1024K)]
  0x0000022c73bf5d00 JavaThread "Compiler Source File Reader" daemon [_thread_blocked, id=1828, stack(0x000000f9d0100000,0x000000f9d0200000) (1024K)]
  0x0000022c73bf6390 JavaThread "Compiler Source File Reader" daemon [_thread_blocked, id=6160, stack(0x000000f9d0200000,0x000000f9d0300000) (1024K)]
  0x0000022c73bf6a20 JavaThread "Compiler Source File Reader" daemon [_thread_blocked, id=18468, stack(0x000000f9d0300000,0x000000f9d0400000) (1024K)]
  0x0000022c73bf70b0 JavaThread "Compiler Source File Reader" daemon [_thread_blocked, id=16296, stack(0x000000f9d0400000,0x000000f9d0500000) (1024K)]
  0x0000022c73bf4950 JavaThread "Compiler Source File Reader" daemon [_thread_blocked, id=9384, stack(0x000000f9d0500000,0x000000f9d0600000) (1024K)]
  0x0000022c73bf4fe0 JavaThread "Compiler Source File Reader" daemon [_thread_blocked, id=25028, stack(0x000000f9d0600000,0x000000f9d0700000) (1024K)]
  0x0000022c77c4c770 JavaThread "Compiler Source File Reader" daemon [_thread_blocked, id=13072, stack(0x000000f9d0700000,0x000000f9d0800000) (1024K)]
  0x0000022c77c4e1b0 JavaThread "Compiler Processing Task"   daemon [_thread_in_Java, id=11368, stack(0x000000f9d0800000,0x000000f9d0900000) (1024K)]
  0x0000022c77c4eed0 JavaThread "Compiler Class File Writer" daemon [_thread_blocked, id=24760, stack(0x000000f9d0900000,0x000000f9d0a00000) (1024K)]
  0x0000022c77c4f560 JavaThread "Compiler Class File Writer" daemon [_thread_blocked, id=19628, stack(0x000000f9d0a00000,0x000000f9d0b00000) (1024K)]
  0x0000022c77c4c0e0 JavaThread "Compiler Class File Writer" daemon [_thread_blocked, id=27792, stack(0x000000f9d0b00000,0x000000f9d0c00000) (1024K)]
  0x0000022c77c50fa0 JavaThread "Compiler Class File Writer" daemon [_thread_blocked, id=27472, stack(0x000000f9d0c00000,0x000000f9d0d00000) (1024K)]
  0x0000022c77c50910 JavaThread "Compiler Class File Writer" daemon [_thread_blocked, id=25684, stack(0x000000f9d0d00000,0x000000f9d0e00000) (1024K)]
  0x0000022c77c51630 JavaThread "Compiler Class File Writer" daemon [_thread_blocked, id=24052, stack(0x000000f9d0e00000,0x000000f9d0f00000) (1024K)]
  0x0000022c77c4fbf0 JavaThread "Compiler Class File Writer" daemon [_thread_blocked, id=24952, stack(0x000000f9d0f00000,0x000000f9d1000000) (1024K)]
  0x0000022c77c529e0 JavaThread "Compiler Class File Writer" daemon [_thread_blocked, id=16436, stack(0x000000f9d1000000,0x000000f9d1100000) (1024K)]
  0x0000022c77c53070 JavaThread "Compiler Class File Writer" daemon [_thread_blocked, id=16744, stack(0x000000f9d1100000,0x000000f9d1200000) (1024K)]
  0x0000022c77c52350 JavaThread "Compiler Class File Writer" daemon [_thread_blocked, id=26800, stack(0x000000f9d1200000,0x000000f9d1300000) (1024K)]
Total: 78

Other Threads:
  0x0000022c5577ea10 VMThread "VM Thread"                           [id=3232, stack(0x000000f9cba00000,0x000000f9cbb00000) (1024K)]
  0x0000022c5556ca00 WatcherThread "VM Periodic Task Thread"        [id=11360, stack(0x000000f9cb900000,0x000000f9cba00000) (1024K)]
  0x0000022c556fa1b0 WorkerThread "GC Thread#0"                     [id=18784, stack(0x000000f9cb800000,0x000000f9cb900000) (1024K)]
  0x0000022c6ea2d730 WorkerThread "GC Thread#1"                     [id=25756, stack(0x000000f9cc600000,0x000000f9cc700000) (1024K)]
  0x0000022c6ea2dad0 WorkerThread "GC Thread#2"                     [id=20396, stack(0x000000f9cc700000,0x000000f9cc800000) (1024K)]
  0x0000022c6d7487b0 WorkerThread "GC Thread#3"                     [id=7532, stack(0x000000f9cc800000,0x000000f9cc900000) (1024K)]
  0x0000022c6d748b50 WorkerThread "GC Thread#4"                     [id=5964, stack(0x000000f9cc900000,0x000000f9cca00000) (1024K)]
  0x0000022c6d748ef0 WorkerThread "GC Thread#5"                     [id=9768, stack(0x000000f9cca00000,0x000000f9ccb00000) (1024K)]
  0x0000022c6e70f2a0 WorkerThread "GC Thread#6"                     [id=22968, stack(0x000000f9ccb00000,0x000000f9ccc00000) (1024K)]
  0x0000022c6d425d10 WorkerThread "GC Thread#7"                     [id=27860, stack(0x000000f9ccd00000,0x000000f9cce00000) (1024K)]
  0x0000022c6d410c00 WorkerThread "GC Thread#8"                     [id=17040, stack(0x000000f9cd100000,0x000000f9cd200000) (1024K)]
  0x0000022c733ff9e0 WorkerThread "GC Thread#9"                     [id=12556, stack(0x000000f9cd200000,0x000000f9cd300000) (1024K)]
Total: 12

Threads with active compile tasks:
C2 CompilerThread0  42923 9893   !   4       lombok.core.AST::buildWithField0 (121 bytes)
C1 CompilerThread0  42923 10234       3       lombok.launch.PatchFixesHider$ExtensionMethod::resolveType (23 bytes)
C2 CompilerThread1  42923 9985       4       lombok.eclipse.EclipseAST::buildStatement (57 bytes)
C2 CompilerThread2  42923 9892       4       lombok.core.AST::buildWithField (21 bytes)
Total: 4

VM state: not at safepoint (normal execution)

VM Mutex/Monitor currently owned by a thread: None

Heap address: 0x0000000080000000, size: 2048 MB, Compressed Oops mode: 32-bit

CDS archive(s) mapped at: [0x0000022c00000000-0x0000022c00ba0000-0x0000022c00ba0000), size 12189696, SharedBaseAddress: 0x0000022c00000000, ArchiveRelocationMode: 1.
Compressed class space mapped at: 0x0000022c01000000-0x0000022c41000000, reserved size: 1073741824
Narrow klass base: 0x0000022c00000000, Narrow klass shift: 0, Narrow klass range: 0x100000000

GC Precious Log:
 CardTable entry size: 512
 CPUs: 12 total, 12 available
 Memory: 16108M
 Large Page Support: Disabled
 NUMA Support: Disabled
 Compressed Oops: Enabled (32-bit)
 Alignments: Space 512K, Generation 512K, Heap 2M
 Heap Min Capacity: 100M
 Heap Initial Capacity: 100M
 Heap Max Capacity: 2G
 Pre-touch: Disabled
 Parallel Workers: 10

Heap:
 PSYoungGen      total 5120K, used 1172K [0x00000000d5580000, 0x00000000d5b80000, 0x0000000100000000)
  eden space 4096K, 8% used [0x00000000d5580000,0x00000000d55d5208,0x00000000d5980000)
  from space 1024K, 81% used [0x00000000d5a80000,0x00000000d5b50000,0x00000000d5b80000)
  to   space 1024K, 0% used [0x00000000d5980000,0x00000000d5980000,0x00000000d5a80000)
 ParOldGen       total 266752K, used 266476K [0x0000000080000000, 0x0000000090480000, 0x00000000d5580000)
  object space 266752K, 99% used [0x0000000080000000,0x000000009043b370,0x0000000090480000)
 Metaspace       used 57983K, committed 59200K, reserved 1114112K
  class space    used 5924K, committed 6464K, reserved 1048576K

Card table byte_map: [0x0000022c55080000,0x0000022c55490000] _byte_map_base: 0x0000022c54c80000

Marking Bits: (ParMarkBitMap*) 0x00007ff90e5231f0
 Begin Bits: [0x0000022c67b80000, 0x0000022c69b80000)
 End Bits:   [0x0000022c69b80000, 0x0000022c6bb80000)

Polling page: 0x0000022c53700000

Metaspace:

Usage:
  Non-class:     50.84 MB used.
      Class:      5.79 MB used.
       Both:     56.62 MB used.

Virtual space:
  Non-class space:       64.00 MB reserved,      51.50 MB ( 80%) committed,  1 nodes.
      Class space:        1.00 GB reserved,       6.31 MB ( <1%) committed,  1 nodes.
             Both:        1.06 GB reserved,      57.81 MB (  5%) committed. 

Chunk freelists:
   Non-Class:  12.45 MB
       Class:  9.59 MB
        Both:  22.04 MB

MaxMetaspaceSize: unlimited
CompressedClassSpaceSize: 1.00 GB
Initial GC threshold: 21.00 MB
Current GC threshold: 58.88 MB
CDS: on
 - commit_granule_bytes: 65536.
 - commit_granule_words: 8192.
 - virtual_space_node_default_size: 8388608.
 - enlarge_chunks_in_place: 1.
 - use_allocation_guard: 0.


Internal statistics:

num_allocs_failed_limit: 10.
num_arena_births: 1050.
num_arena_deaths: 26.
num_vsnodes_births: 2.
num_vsnodes_deaths: 0.
num_space_committed: 925.
num_space_uncommitted: 0.
num_chunks_returned_to_freelist: 39.
num_chunks_taken_from_freelist: 3679.
num_chunk_merges: 15.
num_chunk_splits: 2292.
num_chunks_enlarged: 1391.
num_inconsistent_stats: 0.

CodeHeap 'non-profiled nmethods': size=120000Kb used=6195Kb max_used=6195Kb free=113805Kb
 bounds [0x0000022c603a0000, 0x0000022c609b0000, 0x0000022c678d0000]
CodeHeap 'profiled nmethods': size=120000Kb used=22683Kb max_used=22683Kb free=97316Kb
 bounds [0x0000022c588d0000, 0x0000022c59f00000, 0x0000022c5fe00000]
CodeHeap 'non-nmethods': size=5760Kb used=1416Kb max_used=1524Kb free=4344Kb
 bounds [0x0000022c5fe00000, 0x0000022c60070000, 0x0000022c603a0000]
 total_blobs=10277 nmethods=9552 adapters=630
 compilation: enabled
              stopped_count=0, restarted_count=0
 full_count=0

Compilation events (20 events):
Event: 39.849 Thread 0x0000022c6d437a40 10159       2       org.eclipse.jdt.internal.compiler.lookup.BinaryTypeBinding$1::createBinding (8 bytes)
Event: 39.851 Thread 0x0000022c6d437a40 nmethod 10159 0x0000022c59ecfa10 code [0x0000022c59ecfbc0, 0x0000022c59ecfce8]
Event: 39.851 Thread 0x0000022c6d437a40 10160       2       org.eclipse.jdt.internal.compiler.lookup.BinaryTypeBinding$1::createBinding (31 bytes)
Event: 39.852 Thread 0x0000022c6d437a40 nmethod 10160 0x0000022c59ecfd90 code [0x0000022c59ecff60, 0x0000022c59ed01c8]
Event: 39.852 Thread 0x0000022c6d437a40 10161       2       org.eclipse.jdt.internal.compiler.classfmt.FieldInfo::getModifiers (26 bytes)
Event: 39.852 Thread 0x0000022c6d437a40 nmethod 10161 0x0000022c59ed0310 code [0x0000022c59ed04c0, 0x0000022c59ed0668]
Event: 39.852 Thread 0x0000022c6d437a40 10163       2       org.eclipse.jdt.internal.compiler.classfmt.FieldInfo::getConstant (16 bytes)
Event: 39.852 Thread 0x0000022c6d437a40 nmethod 10163 0x0000022c59ed0790 code [0x0000022c59ed0940, 0x0000022c59ed0a80]
Event: 39.852 Thread 0x0000022c6d437a40 10150       1       org.eclipse.jdt.internal.compiler.lookup.AnnotationHolder::getAnnotations (5 bytes)
Event: 39.852 Thread 0x0000022c6d437a40 nmethod 10150 0x0000022c609abd10 code [0x0000022c609abea0, 0x0000022c609abf68]
Event: 39.853 Thread 0x0000022c6d437a40 10147       1       org.eclipse.jdt.internal.compiler.ast.ASTNode::checkingPotentialCompatibility (2 bytes)
Event: 39.853 Thread 0x0000022c6d437a40 nmethod 10147 0x0000022c609ac010 code [0x0000022c609ac1a0, 0x0000022c609ac268]
Event: 39.854 Thread 0x0000022c6d437a40 10199       3       org.eclipse.jdt.internal.compiler.lookup.LookupEnvironment::createMissingType (110 bytes)
Event: 39.855 Thread 0x0000022c6d437a40 nmethod 10199 0x0000022c59ed0b10 code [0x0000022c59ed0d80, 0x0000022c59ed18c0]
Event: 39.860 Thread 0x0000022c6d437a40 10200       1       org.eclipse.jdt.internal.compiler.lookup.ProblemBinding::kind (3 bytes)
Event: 39.860 Thread 0x0000022c6d437a40 nmethod 10200 0x0000022c609ac310 code [0x0000022c609ac4a0, 0x0000022c609ac568]
Event: 39.863 Thread 0x0000022c6d437a40 10201       2       org.eclipse.jdt.internal.compiler.ast.StringLiteral::source (55 bytes)
Event: 39.864 Thread 0x0000022c6d437a40 nmethod 10201 0x0000022c59ed1d10 code [0x0000022c59ed1ee0, 0x0000022c59ed21d0]
Event: 39.864 Thread 0x0000022c6d437a40 10202       3       org.eclipse.jdt.internal.compiler.lookup.ParameterizedTypeBinding::enclosingType (44 bytes)
Event: 39.864 Thread 0x0000022c6d437a40 nmethod 10202 0x0000022c59ed2310 code [0x0000022c59ed2500, 0x0000022c59ed2aa8]

GC Heap History (20 events):
Event: 39.715 GC heap after
{Heap after GC invocations=222 (full 2):
 PSYoungGen      total 4096K, used 884K [0x00000000d5580000, 0x00000000d5a80000, 0x0000000100000000)
  eden space 3072K, 0% used [0x00000000d5580000,0x00000000d5580000,0x00000000d5880000)
  from space 1024K, 86% used [0x00000000d5980000,0x00000000d5a5d180,0x00000000d5a80000)
  to   space 1024K, 0% used [0x00000000d5880000,0x00000000d5880000,0x00000000d5980000)
 ParOldGen       total 257536K, used 257278K [0x0000000080000000, 0x000000008fb80000, 0x00000000d5580000)
  object space 257536K, 99% used [0x0000000080000000,0x000000008fb3f920,0x000000008fb80000)
 Metaspace       used 57817K, committed 59072K, reserved 1114112K
  class space    used 5922K, committed 6464K, reserved 1048576K
}
Event: 39.725 GC heap before
{Heap before GC invocations=223 (full 2):
 PSYoungGen      total 4096K, used 3955K [0x00000000d5580000, 0x00000000d5a80000, 0x0000000100000000)
  eden space 3072K, 99% used [0x00000000d5580000,0x00000000d587fde8,0x00000000d5880000)
  from space 1024K, 86% used [0x00000000d5980000,0x00000000d5a5d180,0x00000000d5a80000)
  to   space 1024K, 0% used [0x00000000d5880000,0x00000000d5880000,0x00000000d5980000)
 ParOldGen       total 257536K, used 257278K [0x0000000080000000, 0x000000008fb80000, 0x00000000d5580000)
  object space 257536K, 99% used [0x0000000080000000,0x000000008fb3f920,0x000000008fb80000)
 Metaspace       used 57829K, committed 59072K, reserved 1114112K
  class space    used 5922K, committed 6464K, reserved 1048576K
}
Event: 39.727 GC heap after
{Heap after GC invocations=223 (full 2):
 PSYoungGen      total 4096K, used 896K [0x00000000d5580000, 0x00000000d5a80000, 0x0000000100000000)
  eden space 3072K, 0% used [0x00000000d5580000,0x00000000d5580000,0x00000000d5880000)
  from space 1024K, 87% used [0x00000000d5880000,0x00000000d5960020,0x00000000d5980000)
  to   space 1024K, 0% used [0x00000000d5980000,0x00000000d5980000,0x00000000d5a80000)
 ParOldGen       total 258048K, used 258018K [0x0000000080000000, 0x000000008fc00000, 0x00000000d5580000)
  object space 258048K, 99% used [0x0000000080000000,0x000000008fbf89e8,0x000000008fc00000)
 Metaspace       used 57829K, committed 59072K, reserved 1114112K
  class space    used 5922K, committed 6464K, reserved 1048576K
}
Event: 39.741 GC heap before
{Heap before GC invocations=224 (full 2):
 PSYoungGen      total 4096K, used 3968K [0x00000000d5580000, 0x00000000d5a80000, 0x0000000100000000)
  eden space 3072K, 100% used [0x00000000d5580000,0x00000000d5880000,0x00000000d5880000)
  from space 1024K, 87% used [0x00000000d5880000,0x00000000d5960020,0x00000000d5980000)
  to   space 1024K, 0% used [0x00000000d5980000,0x00000000d5980000,0x00000000d5a80000)
 ParOldGen       total 258048K, used 258018K [0x0000000080000000, 0x000000008fc00000, 0x00000000d5580000)
  object space 258048K, 99% used [0x0000000080000000,0x000000008fbf89e8,0x000000008fc00000)
 Metaspace       used 57835K, committed 59072K, reserved 1114112K
  class space    used 5922K, committed 6464K, reserved 1048576K
}
Event: 39.742 GC heap after
{Heap after GC invocations=224 (full 2):
 PSYoungGen      total 4096K, used 887K [0x00000000d5580000, 0x00000000d5a80000, 0x0000000100000000)
  eden space 3072K, 0% used [0x00000000d5580000,0x00000000d5580000,0x00000000d5880000)
  from space 1024K, 86% used [0x00000000d5980000,0x00000000d5a5dce0,0x00000000d5a80000)
  to   space 1024K, 0% used [0x00000000d5880000,0x00000000d5880000,0x00000000d5980000)
 ParOldGen       total 259072K, used 258726K [0x0000000080000000, 0x000000008fd00000, 0x00000000d5580000)
  object space 259072K, 99% used [0x0000000080000000,0x000000008fca9ad8,0x000000008fd00000)
 Metaspace       used 57835K, committed 59072K, reserved 1114112K
  class space    used 5922K, committed 6464K, reserved 1048576K
}
Event: 39.754 GC heap before
{Heap before GC invocations=225 (full 2):
 PSYoungGen      total 4096K, used 3959K [0x00000000d5580000, 0x00000000d5a80000, 0x0000000100000000)
  eden space 3072K, 100% used [0x00000000d5580000,0x00000000d5880000,0x00000000d5880000)
  from space 1024K, 86% used [0x00000000d5980000,0x00000000d5a5dce0,0x00000000d5a80000)
  to   space 1024K, 0% used [0x00000000d5880000,0x00000000d5880000,0x00000000d5980000)
 ParOldGen       total 259072K, used 258726K [0x0000000080000000, 0x000000008fd00000, 0x00000000d5580000)
  object space 259072K, 99% used [0x0000000080000000,0x000000008fca9ad8,0x000000008fd00000)
 Metaspace       used 57842K, committed 59072K, reserved 1114112K
  class space    used 5923K, committed 6464K, reserved 1048576K
}
Event: 39.755 GC heap after
{Heap after GC invocations=225 (full 2):
 PSYoungGen      total 4096K, used 992K [0x00000000d5580000, 0x00000000d5a80000, 0x0000000100000000)
  eden space 3072K, 0% used [0x00000000d5580000,0x00000000d5580000,0x00000000d5880000)
  from space 1024K, 96% used [0x00000000d5880000,0x00000000d5978020,0x00000000d5980000)
  to   space 1024K, 0% used [0x00000000d5980000,0x00000000d5980000,0x00000000d5a80000)
 ParOldGen       total 259584K, used 259484K [0x0000000080000000, 0x000000008fd80000, 0x00000000d5580000)
  object space 259584K, 99% used [0x0000000080000000,0x000000008fd671b8,0x000000008fd80000)
 Metaspace       used 57842K, committed 59072K, reserved 1114112K
  class space    used 5923K, committed 6464K, reserved 1048576K
}
Event: 39.768 GC heap before
{Heap before GC invocations=226 (full 2):
 PSYoungGen      total 4096K, used 4064K [0x00000000d5580000, 0x00000000d5a80000, 0x0000000100000000)
  eden space 3072K, 100% used [0x00000000d5580000,0x00000000d5880000,0x00000000d5880000)
  from space 1024K, 96% used [0x00000000d5880000,0x00000000d5978020,0x00000000d5980000)
  to   space 1024K, 0% used [0x00000000d5980000,0x00000000d5980000,0x00000000d5a80000)
 ParOldGen       total 259584K, used 259484K [0x0000000080000000, 0x000000008fd80000, 0x00000000d5580000)
  object space 259584K, 99% used [0x0000000080000000,0x000000008fd671b8,0x000000008fd80000)
 Metaspace       used 57856K, committed 59072K, reserved 1114112K
  class space    used 5923K, committed 6464K, reserved 1048576K
}
Event: 39.770 GC heap after
{Heap after GC invocations=226 (full 2):
 PSYoungGen      total 4096K, used 864K [0x00000000d5580000, 0x00000000d5a80000, 0x0000000100000000)
  eden space 3072K, 0% used [0x00000000d5580000,0x00000000d5580000,0x00000000d5880000)
  from space 1024K, 84% used [0x00000000d5980000,0x00000000d5a58000,0x00000000d5a80000)
  to   space 1024K, 0% used [0x00000000d5880000,0x00000000d5880000,0x00000000d5980000)
 ParOldGen       total 260608K, used 260317K [0x0000000080000000, 0x000000008fe80000, 0x00000000d5580000)
  object space 260608K, 99% used [0x0000000080000000,0x000000008fe37428,0x000000008fe80000)
 Metaspace       used 57856K, committed 59072K, reserved 1114112K
  class space    used 5923K, committed 6464K, reserved 1048576K
}
Event: 39.786 GC heap before
{Heap before GC invocations=227 (full 2):
 PSYoungGen      total 4096K, used 3936K [0x00000000d5580000, 0x00000000d5a80000, 0x0000000100000000)
  eden space 3072K, 100% used [0x00000000d5580000,0x00000000d5880000,0x00000000d5880000)
  from space 1024K, 84% used [0x00000000d5980000,0x00000000d5a58000,0x00000000d5a80000)
  to   space 1024K, 0% used [0x00000000d5880000,0x00000000d5880000,0x00000000d5980000)
 ParOldGen       total 260608K, used 260317K [0x0000000080000000, 0x000000008fe80000, 0x00000000d5580000)
  object space 260608K, 99% used [0x0000000080000000,0x000000008fe37428,0x000000008fe80000)
 Metaspace       used 57893K, committed 59136K, reserved 1114112K
  class space    used 5923K, committed 6464K, reserved 1048576K
}
Event: 39.788 GC heap after
{Heap after GC invocations=227 (full 2):
 PSYoungGen      total 4096K, used 756K [0x00000000d5580000, 0x00000000d5a80000, 0x0000000100000000)
  eden space 3072K, 0% used [0x00000000d5580000,0x00000000d5580000,0x00000000d5880000)
  from space 1024K, 73% used [0x00000000d5880000,0x00000000d593d2c8,0x00000000d5980000)
  to   space 1024K, 0% used [0x00000000d5980000,0x00000000d5980000,0x00000000d5a80000)
 ParOldGen       total 261120K, used 261104K [0x0000000080000000, 0x000000008ff00000, 0x00000000d5580000)
  object space 261120K, 99% used [0x0000000080000000,0x000000008fefc0e8,0x000000008ff00000)
 Metaspace       used 57893K, committed 59136K, reserved 1114112K
  class space    used 5923K, committed 6464K, reserved 1048576K
}
Event: 39.802 GC heap before
{Heap before GC invocations=228 (full 2):
 PSYoungGen      total 4096K, used 3828K [0x00000000d5580000, 0x00000000d5a80000, 0x0000000100000000)
  eden space 3072K, 100% used [0x00000000d5580000,0x00000000d5880000,0x00000000d5880000)
  from space 1024K, 73% used [0x00000000d5880000,0x00000000d593d2c8,0x00000000d5980000)
  to   space 1024K, 0% used [0x00000000d5980000,0x00000000d5980000,0x00000000d5a80000)
 ParOldGen       total 261120K, used 261104K [0x0000000080000000, 0x000000008ff00000, 0x00000000d5580000)
  object space 261120K, 99% used [0x0000000080000000,0x000000008fefc0e8,0x000000008ff00000)
 Metaspace       used 57903K, committed 59136K, reserved 1114112K
  class space    used 5923K, committed 6464K, reserved 1048576K
}
Event: 39.804 GC heap after
{Heap after GC invocations=228 (full 2):
 PSYoungGen      total 4096K, used 896K [0x00000000d5580000, 0x00000000d5a80000, 0x0000000100000000)
  eden space 3072K, 0% used [0x00000000d5580000,0x00000000d5580000,0x00000000d5880000)
  from space 1024K, 87% used [0x00000000d5980000,0x00000000d5a60000,0x00000000d5a80000)
  to   space 1024K, 0% used [0x00000000d5880000,0x00000000d5880000,0x00000000d5980000)
 ParOldGen       total 262144K, used 261785K [0x0000000080000000, 0x0000000090000000, 0x00000000d5580000)
  object space 262144K, 99% used [0x0000000080000000,0x000000008ffa6748,0x0000000090000000)
 Metaspace       used 57903K, committed 59136K, reserved 1114112K
  class space    used 5923K, committed 6464K, reserved 1048576K
}
Event: 39.817 GC heap before
{Heap before GC invocations=229 (full 2):
 PSYoungGen      total 4096K, used 3968K [0x00000000d5580000, 0x00000000d5a80000, 0x0000000100000000)
  eden space 3072K, 100% used [0x00000000d5580000,0x00000000d5880000,0x00000000d5880000)
  from space 1024K, 87% used [0x00000000d5980000,0x00000000d5a60000,0x00000000d5a80000)
  to   space 1024K, 0% used [0x00000000d5880000,0x00000000d5880000,0x00000000d5980000)
 ParOldGen       total 262144K, used 261785K [0x0000000080000000, 0x0000000090000000, 0x00000000d5580000)
  object space 262144K, 99% used [0x0000000080000000,0x000000008ffa6748,0x0000000090000000)
 Metaspace       used 57907K, committed 59136K, reserved 1114112K
  class space    used 5923K, committed 6464K, reserved 1048576K
}
Event: 39.819 GC heap after
{Heap after GC invocations=229 (full 2):
 PSYoungGen      total 4096K, used 1006K [0x00000000d5580000, 0x00000000d5b80000, 0x0000000100000000)
  eden space 3072K, 0% used [0x00000000d5580000,0x00000000d5580000,0x00000000d5880000)
  from space 1024K, 98% used [0x00000000d5880000,0x00000000d597bbc0,0x00000000d5980000)
  to   space 1536K, 0% used [0x00000000d5a00000,0x00000000d5a00000,0x00000000d5b80000)
 ParOldGen       total 262656K, used 262543K [0x0000000080000000, 0x0000000090080000, 0x00000000d5580000)
  object space 262656K, 99% used [0x0000000080000000,0x0000000090063e30,0x0000000090080000)
 Metaspace       used 57907K, committed 59136K, reserved 1114112K
  class space    used 5923K, committed 6464K, reserved 1048576K
}
Event: 39.836 GC heap before
{Heap before GC invocations=230 (full 2):
 PSYoungGen      total 4096K, used 4078K [0x00000000d5580000, 0x00000000d5b80000, 0x0000000100000000)
  eden space 3072K, 99% used [0x00000000d5580000,0x00000000d587fff8,0x00000000d5880000)
  from space 1024K, 98% used [0x00000000d5880000,0x00000000d597bbc0,0x00000000d5980000)
  to   space 1536K, 0% used [0x00000000d5a00000,0x00000000d5a00000,0x00000000d5b80000)
 ParOldGen       total 262656K, used 262543K [0x0000000080000000, 0x0000000090080000, 0x00000000d5580000)
  object space 262656K, 99% used [0x0000000080000000,0x0000000090063e30,0x0000000090080000)
 Metaspace       used 57953K, committed 59200K, reserved 1114112K
  class space    used 5923K, committed 6464K, reserved 1048576K
}
Event: 39.838 GC heap after
{Heap after GC invocations=230 (full 2):
 PSYoungGen      total 4608K, used 1177K [0x00000000d5580000, 0x00000000d5b80000, 0x0000000100000000)
  eden space 3072K, 0% used [0x00000000d5580000,0x00000000d5580000,0x00000000d5880000)
  from space 1536K, 76% used [0x00000000d5a00000,0x00000000d5b26440,0x00000000d5b80000)
  to   space 1536K, 0% used [0x00000000d5880000,0x00000000d5880000,0x00000000d5a00000)
 ParOldGen       total 263680K, used 263327K [0x0000000080000000, 0x0000000090180000, 0x00000000d5580000)
  object space 263680K, 99% used [0x0000000080000000,0x0000000090127d20,0x0000000090180000)
 Metaspace       used 57953K, committed 59200K, reserved 1114112K
  class space    used 5923K, committed 6464K, reserved 1048576K
}
Event: 39.849 GC heap before
{Heap before GC invocations=231 (full 2):
 PSYoungGen      total 4608K, used 4249K [0x00000000d5580000, 0x00000000d5b80000, 0x0000000100000000)
  eden space 3072K, 100% used [0x00000000d5580000,0x00000000d5880000,0x00000000d5880000)
  from space 1536K, 76% used [0x00000000d5a00000,0x00000000d5b26440,0x00000000d5b80000)
  to   space 1536K, 0% used [0x00000000d5880000,0x00000000d5880000,0x00000000d5a00000)
 ParOldGen       total 263680K, used 263327K [0x0000000080000000, 0x0000000090180000, 0x00000000d5580000)
  object space 263680K, 99% used [0x0000000080000000,0x0000000090127d20,0x0000000090180000)
 Metaspace       used 57953K, committed 59200K, reserved 1114112K
  class space    used 5923K, committed 6464K, reserved 1048576K
}
Event: 39.851 GC heap after
{Heap after GC invocations=231 (full 2):
 PSYoungGen      total 4096K, used 928K [0x00000000d5580000, 0x00000000d5a80000, 0x0000000100000000)
  eden space 3072K, 0% used [0x00000000d5580000,0x00000000d5580000,0x00000000d5880000)
  from space 1024K, 90% used [0x00000000d5880000,0x00000000d5968020,0x00000000d5980000)
  to   space 1024K, 0% used [0x00000000d5980000,0x00000000d5980000,0x00000000d5a80000)
 ParOldGen       total 264704K, used 264197K [0x0000000080000000, 0x0000000090280000, 0x00000000d5580000)
  object space 264704K, 99% used [0x0000000080000000,0x0000000090201798,0x0000000090280000)
 Metaspace       used 57953K, committed 59200K, reserved 1114112K
  class space    used 5923K, committed 6464K, reserved 1048576K
}
Event: 39.864 GC heap before
{Heap before GC invocations=232 (full 2):
 PSYoungGen      total 4096K, used 4000K [0x00000000d5580000, 0x00000000d5a80000, 0x0000000100000000)
  eden space 3072K, 100% used [0x00000000d5580000,0x00000000d5880000,0x00000000d5880000)
  from space 1024K, 90% used [0x00000000d5880000,0x00000000d5968020,0x00000000d5980000)
  to   space 1024K, 0% used [0x00000000d5980000,0x00000000d5980000,0x00000000d5a80000)
 ParOldGen       total 264704K, used 264197K [0x0000000080000000, 0x0000000090280000, 0x00000000d5580000)
  object space 264704K, 99% used [0x0000000080000000,0x0000000090201798,0x0000000090280000)
 Metaspace       used 57953K, committed 59200K, reserved 1114112K
  class space    used 5923K, committed 6464K, reserved 1048576K
}

Dll operation events (10 events):
Event: 0.028 Loaded shared library c:\Users\Ganesh\.vscode\extensions\redhat.java-1.43.1-win32-x64\jre\21.0.7-win32-x86_64\bin\java.dll
Event: 0.434 Loaded shared library c:\Users\Ganesh\.vscode\extensions\redhat.java-1.43.1-win32-x64\jre\21.0.7-win32-x86_64\bin\zip.dll
Event: 0.595 Loaded shared library C:\Users\Ganesh\.vscode\extensions\redhat.java-1.43.1-win32-x64\jre\21.0.7-win32-x86_64\bin\instrument.dll
Event: 0.611 Loaded shared library C:\Users\Ganesh\.vscode\extensions\redhat.java-1.43.1-win32-x64\jre\21.0.7-win32-x86_64\bin\net.dll
Event: 0.634 Loaded shared library C:\Users\Ganesh\.vscode\extensions\redhat.java-1.43.1-win32-x64\jre\21.0.7-win32-x86_64\bin\nio.dll
Event: 0.650 Loaded shared library C:\Users\Ganesh\.vscode\extensions\redhat.java-1.43.1-win32-x64\jre\21.0.7-win32-x86_64\bin\zip.dll
Event: 0.791 Loaded shared library C:\Users\Ganesh\.vscode\extensions\redhat.java-1.43.1-win32-x64\jre\21.0.7-win32-x86_64\bin\jimage.dll
Event: 1.271 Loaded shared library c:\Users\Ganesh\.vscode\extensions\redhat.java-1.43.1-win32-x64\jre\21.0.7-win32-x86_64\bin\verify.dll
Event: 16.008 Loaded shared library C:\Users\Ganesh\AppData\Roaming\Code\User\globalStorage\redhat.java\1.43.1\config_win\org.eclipse.equinox.launcher\org.eclipse.equinox.launcher.win32.win32.x86_64_1.2.1300.v20250331-1702\eclipse_11911.dll
Event: 28.783 Loaded shared library C:\Users\Ganesh\AppData\Local\Temp\jna-2125628998\jna3106017754469864362.dll

Deoptimization events (20 events):
Event: 39.683 Thread 0x0000022c73008350 Uncommon trap: trap_request=0xffffffbe fr.pc=0x0000022c60994dac relative=0x000000000000028c
Event: 39.683 Thread 0x0000022c73008350 Uncommon trap: reason=profile_predicate action=maybe_recompile pc=0x0000022c60994dac method=sun.security.provider.HashDrbg.addBytes([BI[[B)V @ 36 c2
Event: 39.683 Thread 0x0000022c73008350 DEOPT PACKING pc=0x0000022c60994dac sp=0x000000f9ce1fded0
Event: 39.683 Thread 0x0000022c73008350 DEOPT UNPACKING pc=0x0000022c5fe53aa2 sp=0x000000f9ce1fde20 mode 2
Event: 39.683 Thread 0x0000022c73008350 Uncommon trap: trap_request=0xffffffbe fr.pc=0x0000022c60994dac relative=0x000000000000028c
Event: 39.683 Thread 0x0000022c73008350 Uncommon trap: reason=profile_predicate action=maybe_recompile pc=0x0000022c60994dac method=sun.security.provider.HashDrbg.addBytes([BI[[B)V @ 36 c2
Event: 39.683 Thread 0x0000022c73008350 DEOPT PACKING pc=0x0000022c60994dac sp=0x000000f9ce1fded0
Event: 39.683 Thread 0x0000022c73008350 DEOPT UNPACKING pc=0x0000022c5fe53aa2 sp=0x000000f9ce1fde20 mode 2
Event: 39.683 Thread 0x0000022c73008350 Uncommon trap: trap_request=0xffffffbe fr.pc=0x0000022c60994dac relative=0x000000000000028c
Event: 39.683 Thread 0x0000022c73008350 Uncommon trap: reason=profile_predicate action=maybe_recompile pc=0x0000022c60994dac method=sun.security.provider.HashDrbg.addBytes([BI[[B)V @ 36 c2
Event: 39.683 Thread 0x0000022c73008350 DEOPT PACKING pc=0x0000022c60994dac sp=0x000000f9ce1fded0
Event: 39.683 Thread 0x0000022c73008350 DEOPT UNPACKING pc=0x0000022c5fe53aa2 sp=0x000000f9ce1fde20 mode 2
Event: 39.719 Thread 0x0000022c73008350 DEOPT PACKING pc=0x0000022c59bbd521 sp=0x000000f9ce1fe1c0
Event: 39.720 Thread 0x0000022c73008350 DEOPT UNPACKING pc=0x0000022c5fe54242 sp=0x000000f9ce1fd640 mode 0
Event: 39.732 Thread 0x0000022c77c4e1b0 Uncommon trap: trap_request=0xffffff45 fr.pc=0x0000022c60403b24 relative=0x0000000000000444
Event: 39.732 Thread 0x0000022c77c4e1b0 Uncommon trap: reason=unstable_if action=reinterpret pc=0x0000022c60403b24 method=java.util.HashMap.resize()[Ljava/util/HashMap$Node; @ 203 c2
Event: 39.732 Thread 0x0000022c77c4e1b0 DEOPT PACKING pc=0x0000022c60403b24 sp=0x000000f9d08fdd70
Event: 39.732 Thread 0x0000022c77c4e1b0 DEOPT UNPACKING pc=0x0000022c5fe53aa2 sp=0x000000f9d08fdcd0 mode 2
Event: 39.816 Thread 0x0000022c73008350 DEOPT PACKING pc=0x0000022c59bc8936 sp=0x000000f9ce1fe480
Event: 39.816 Thread 0x0000022c73008350 DEOPT UNPACKING pc=0x0000022c5fe54242 sp=0x000000f9ce1fd938 mode 0

Classes loaded (20 events):
Event: 37.163 Loading class java/util/stream/Node$Builder$OfInt done
Event: 37.163 Loading class java/util/stream/Nodes$IntArrayNode
Event: 37.164 Loading class java/util/stream/Nodes$IntArrayNode done
Event: 37.164 Loading class java/util/stream/Nodes$IntFixedNodeBuilder done
Event: 37.164 Loading class java/util/stream/ReferencePipeline$4$1
Event: 37.164 Loading class java/util/stream/ReferencePipeline$4$1 done
Event: 37.727 Loading class java/util/stream/ReduceOps$4
Event: 37.728 Loading class java/util/stream/ReduceOps$4 done
Event: 37.728 Loading class java/util/stream/ReduceOps$4ReducingSink
Event: 37.728 Loading class java/util/stream/ReduceOps$4ReducingSink done
Event: 37.731 Loading class java/nio/file/Files$2
Event: 37.731 Loading class java/nio/file/Files$2 done
Event: 38.133 Loading class java/util/concurrent/ArrayBlockingQueue
Event: 38.134 Loading class java/util/concurrent/ArrayBlockingQueue done
Event: 38.314 Loading class java/util/Hashtable$ValueCollection
Event: 38.315 Loading class java/util/Hashtable$ValueCollection done
Event: 38.330 Loading class java/util/concurrent/ConcurrentHashMap$KeySpliterator
Event: 38.330 Loading class java/util/concurrent/ConcurrentHashMap$KeySpliterator done
Event: 38.343 Loading class sun/nio/ch/ChannelOutputStream
Event: 38.343 Loading class sun/nio/ch/ChannelOutputStream done

Classes unloaded (13 events):
Event: 29.952 Thread 0x0000022c5577ea10 Unloading class 0x0000022c011a0800 'java/lang/invoke/LambdaForm$MH+0x0000022c011a0800'
Event: 29.952 Thread 0x0000022c5577ea10 Unloading class 0x0000022c011a0400 'java/lang/invoke/LambdaForm$MH+0x0000022c011a0400'
Event: 29.952 Thread 0x0000022c5577ea10 Unloading class 0x0000022c011a0000 'java/lang/invoke/LambdaForm$MH+0x0000022c011a0000'
Event: 29.952 Thread 0x0000022c5577ea10 Unloading class 0x0000022c0119fc00 'java/lang/invoke/LambdaForm$MH+0x0000022c0119fc00'
Event: 29.952 Thread 0x0000022c5577ea10 Unloading class 0x0000022c0119f800 'java/lang/invoke/LambdaForm$BMH+0x0000022c0119f800'
Event: 29.952 Thread 0x0000022c5577ea10 Unloading class 0x0000022c0119f400 'java/lang/invoke/LambdaForm$DMH+0x0000022c0119f400'
Event: 29.952 Thread 0x0000022c5577ea10 Unloading class 0x0000022c0119e000 'java/lang/invoke/LambdaForm$DMH+0x0000022c0119e000'
Event: 31.591 Thread 0x0000022c5577ea10 Unloading class 0x0000022c01323000 'java/lang/invoke/LambdaForm$MH+0x0000022c01323000'
Event: 31.591 Thread 0x0000022c5577ea10 Unloading class 0x0000022c01322400 'java/lang/invoke/LambdaForm$MH+0x0000022c01322400'
Event: 31.591 Thread 0x0000022c5577ea10 Unloading class 0x0000022c01321c00 'java/lang/invoke/LambdaForm$MH+0x0000022c01321c00'
Event: 31.591 Thread 0x0000022c5577ea10 Unloading class 0x0000022c01321400 'java/lang/invoke/LambdaForm$MH+0x0000022c01321400'
Event: 31.591 Thread 0x0000022c5577ea10 Unloading class 0x0000022c01321000 'java/lang/invoke/LambdaForm$DMH+0x0000022c01321000'
Event: 31.591 Thread 0x0000022c5577ea10 Unloading class 0x0000022c01320400 'java/lang/invoke/LambdaForm$MH+0x0000022c01320400'

Classes redefined (0 events):
No events

Internal exceptions (20 events):
Event: 35.286 Thread 0x0000022c73bf0120 Exception <a 'sun/nio/fs/WindowsException'{0x00000000d5bc7000}> (0x00000000d5bc7000) 
thrown [s\src\hotspot\share\prims\jni.cpp, line 520]
Event: 35.286 Thread 0x0000022c76e25ce0 Exception <a 'sun/nio/fs/WindowsException'{0x00000000d5b438a0}> (0x00000000d5b438a0) 
thrown [s\src\hotspot\share\prims\jni.cpp, line 520]
Event: 35.287 Thread 0x0000022c73bf2880 Exception <a 'sun/nio/fs/WindowsException'{0x00000000d5c344b8}> (0x00000000d5c344b8) 
thrown [s\src\hotspot\share\prims\jni.cpp, line 520]
Event: 35.287 Thread 0x0000022c73bf07b0 Exception <a 'sun/nio/fs/WindowsException'{0x00000000d5c41290}> (0x00000000d5c41290) 
thrown [s\src\hotspot\share\prims\jni.cpp, line 520]
Event: 35.287 Thread 0x0000022c73bf35a0 Exception <a 'sun/nio/fs/WindowsException'{0x00000000d5bae728}> (0x00000000d5bae728) 
thrown [s\src\hotspot\share\prims\jni.cpp, line 520]
Event: 35.288 Thread 0x0000022c73bf14d0 Exception <a 'sun/nio/fs/WindowsException'{0x00000000d5b96308}> (0x00000000d5b96308) 
thrown [s\src\hotspot\share\prims\jni.cpp, line 520]
Event: 35.289 Thread 0x0000022c73bf14d0 Exception <a 'sun/nio/fs/WindowsException'{0x00000000d5b979a0}> (0x00000000d5b979a0) 
thrown [s\src\hotspot\share\prims\jni.cpp, line 520]
Event: 35.290 Thread 0x0000022c73bf2f10 Exception <a 'sun/nio/fs/WindowsException'{0x00000000d5c4d900}> (0x00000000d5c4d900) 
thrown [s\src\hotspot\share\prims\jni.cpp, line 520]
Event: 35.293 Thread 0x0000022c76e25ce0 Exception <a 'sun/nio/fs/WindowsException'{0x00000000d5b46070}> (0x00000000d5b46070) 
thrown [s\src\hotspot\share\prims\jni.cpp, line 520]
Event: 35.293 Thread 0x0000022c73bf0120 Exception <a 'sun/nio/fs/WindowsException'{0x00000000d5bc9a38}> (0x00000000d5bc9a38) 
thrown [s\src\hotspot\share\prims\jni.cpp, line 520]
Event: 35.294 Thread 0x0000022c73bf14d0 Exception <a 'sun/nio/fs/WindowsException'{0x00000000d5b99aa0}> (0x00000000d5b99aa0) 
thrown [s\src\hotspot\share\prims\jni.cpp, line 520]
Event: 35.294 Thread 0x0000022c73bf3c30 Exception <a 'sun/nio/fs/WindowsException'{0x00000000d5c29190}> (0x00000000d5c29190) 
thrown [s\src\hotspot\share\prims\jni.cpp, line 520]
Event: 35.295 Thread 0x0000022c73bf3c30 Exception <a 'sun/nio/fs/WindowsException'{0x00000000d5c2b088}> (0x00000000d5c2b088) 
thrown [s\src\hotspot\share\prims\jni.cpp, line 520]
Event: 35.297 Thread 0x0000022c76e25ce0 Exception <a 'sun/nio/fs/WindowsException'{0x00000000d5b4a188}> (0x00000000d5b4a188) 
thrown [s\src\hotspot\share\prims\jni.cpp, line 520]
Event: 35.303 Thread 0x0000022c73bf14d0 Exception <a 'sun/nio/fs/WindowsException'{0x00000000d5c782e0}> (0x00000000d5c782e0) 
thrown [s\src\hotspot\share\prims\jni.cpp, line 520]
Event: 35.303 Thread 0x0000022c76e25ce0 Exception <a 'sun/nio/fs/WindowsException'{0x00000000d5c5edd0}> (0x00000000d5c5edd0) 
thrown [s\src\hotspot\share\prims\jni.cpp, line 520]
Event: 35.305 Thread 0x0000022c73bf0120 Exception <a 'sun/nio/fs/WindowsException'{0x00000000d5bd0390}> (0x00000000d5bd0390) 
thrown [s\src\hotspot\share\prims\jni.cpp, line 520]
Event: 37.734 Thread 0x0000022c73008350 Exception <a 'java/lang/NoSuchMethodError'{0x00000000d567b208}: 'int java.lang.invoke.DirectMethodHandle$Holder.invokeSpecialIFC(java.lang.Object, java.lang.Object, java.lang.Object)'> (0x00000000d567b208) 
thrown [s\src\hotspot\share\interpreter\linkResolver.cpp, line 773]
Event: 38.334 Thread 0x0000022c73008350 Exception <a 'java/lang/NoSuchMethodError'{0x00000000d57c6940}: 'java.lang.Object java.lang.invoke.DirectMethodHandle$Holder.newInvokeSpecial(java.lang.Object, java.lang.Object, int, int, java.lang.Object)'> (0x00000000d57c6940) 
thrown [s\src\hotspot\share\interpreter\linkResolver.cpp, line 773]
Event: 38.402 Thread 0x0000022c77c4e1b0 Exception <a 'java/lang/NoSuchMethodError'{0x00000000d558b570}: 'void java.lang.invoke.DirectMethodHandle$Holder.invokeVirtual(java.lang.Object, java.lang.Object, java.lang.Object, java.lang.Object, java.lang.Object)'> (0x00000000d558b570) 
thrown [s\src\hotspot\share\interpreter\linkResolver.cpp, line 773]

ZGC Phase Switch (0 events):
No events

VM Operations (20 events):
Event: 39.715 Executing VM operation: ParallelGCFailedAllocation (Allocation Failure) done
Event: 39.725 Executing VM operation: ParallelGCFailedAllocation (Allocation Failure)
Event: 39.727 Executing VM operation: ParallelGCFailedAllocation (Allocation Failure) done
Event: 39.741 Executing VM operation: ParallelGCFailedAllocation (Allocation Failure)
Event: 39.743 Executing VM operation: ParallelGCFailedAllocation (Allocation Failure) done
Event: 39.754 Executing VM operation: ParallelGCFailedAllocation (Allocation Failure)
Event: 39.755 Executing VM operation: ParallelGCFailedAllocation (Allocation Failure) done
Event: 39.768 Executing VM operation: ParallelGCFailedAllocation (Allocation Failure)
Event: 39.770 Executing VM operation: ParallelGCFailedAllocation (Allocation Failure) done
Event: 39.786 Executing VM operation: ParallelGCFailedAllocation (Allocation Failure)
Event: 39.788 Executing VM operation: ParallelGCFailedAllocation (Allocation Failure) done
Event: 39.802 Executing VM operation: ParallelGCFailedAllocation (Allocation Failure)
Event: 39.804 Executing VM operation: ParallelGCFailedAllocation (Allocation Failure) done
Event: 39.817 Executing VM operation: ParallelGCFailedAllocation (Allocation Failure)
Event: 39.819 Executing VM operation: ParallelGCFailedAllocation (Allocation Failure) done
Event: 39.836 Executing VM operation: ParallelGCFailedAllocation (Allocation Failure)
Event: 39.838 Executing VM operation: ParallelGCFailedAllocation (Allocation Failure) done
Event: 39.849 Executing VM operation: ParallelGCFailedAllocation (Allocation Failure)
Event: 39.851 Executing VM operation: ParallelGCFailedAllocation (Allocation Failure) done
Event: 39.864 Executing VM operation: ParallelGCFailedAllocation (Allocation Failure)

Memory protections (0 events):
No events

Nmethod flushes (20 events):
Event: 31.602 Thread 0x0000022c5577ea10 flushing  nmethod 0x0000022c58f3c410
Event: 31.602 Thread 0x0000022c5577ea10 flushing  nmethod 0x0000022c58f82d10
Event: 31.602 Thread 0x0000022c5577ea10 flushing  nmethod 0x0000022c58fb2990
Event: 31.602 Thread 0x0000022c5577ea10 flushing  nmethod 0x0000022c58fb2d90
Event: 31.602 Thread 0x0000022c5577ea10 flushing  nmethod 0x0000022c58fb3690
Event: 31.602 Thread 0x0000022c5577ea10 flushing  nmethod 0x0000022c58fb4890
Event: 31.602 Thread 0x0000022c5577ea10 flushing  nmethod 0x0000022c58fb5090
Event: 31.602 Thread 0x0000022c5577ea10 flushing  nmethod 0x0000022c58fb5810
Event: 31.602 Thread 0x0000022c5577ea10 flushing  nmethod 0x0000022c58fb7190
Event: 31.602 Thread 0x0000022c5577ea10 flushing  nmethod 0x0000022c58fb7690
Event: 31.602 Thread 0x0000022c5577ea10 flushing  nmethod 0x0000022c58fb8390
Event: 31.602 Thread 0x0000022c5577ea10 flushing  nmethod 0x0000022c58fb9010
Event: 31.602 Thread 0x0000022c5577ea10 flushing  nmethod 0x0000022c58fb9510
Event: 31.602 Thread 0x0000022c5577ea10 flushing  nmethod 0x0000022c58fb9e90
Event: 31.602 Thread 0x0000022c5577ea10 flushing  nmethod 0x0000022c58fbab90
Event: 31.602 Thread 0x0000022c5577ea10 flushing  nmethod 0x0000022c58ff6710
Event: 31.602 Thread 0x0000022c5577ea10 flushing  nmethod 0x0000022c58ffd490
Event: 31.602 Thread 0x0000022c5577ea10 flushing  nmethod 0x0000022c59055210
Event: 31.602 Thread 0x0000022c5577ea10 flushing  nmethod 0x0000022c5908e410
Event: 31.602 Thread 0x0000022c5577ea10 flushing  nmethod 0x0000022c590b2b10

Events (20 events):
Event: 35.532 Thread 0x0000022c73008350 Thread added: 0x0000022c73bf0e40
Event: 35.532 Thread 0x0000022c73008350 Thread added: 0x0000022c73bf5670
Event: 35.532 Thread 0x0000022c73008350 Thread added: 0x0000022c73bf5d00
Event: 35.533 Thread 0x0000022c73bf0e40 Thread added: 0x0000022c73bf6390
Event: 35.533 Thread 0x0000022c73bf42c0 Thread added: 0x0000022c73bf6a20
Event: 35.533 Thread 0x0000022c73bf6390 Thread added: 0x0000022c73bf70b0
Event: 35.534 Thread 0x0000022c73bf6a20 Thread added: 0x0000022c73bf4950
Event: 35.534 Thread 0x0000022c73bf70b0 Thread added: 0x0000022c73bf4fe0
Event: 35.534 Thread 0x0000022c73bf5d00 Thread added: 0x0000022c77c4c770
Event: 38.135 Thread 0x0000022c73008350 Thread added: 0x0000022c77c4e1b0
Event: 38.338 Thread 0x0000022c73008350 Thread added: 0x0000022c77c4eed0
Event: 38.451 Thread 0x0000022c73008350 Thread added: 0x0000022c77c4f560
Event: 38.478 Thread 0x0000022c73008350 Thread added: 0x0000022c77c4c0e0
Event: 38.516 Thread 0x0000022c73008350 Thread added: 0x0000022c77c50fa0
Event: 38.542 Thread 0x0000022c73008350 Thread added: 0x0000022c77c50910
Event: 38.598 Thread 0x0000022c73008350 Thread added: 0x0000022c77c51630
Event: 38.624 Thread 0x0000022c73008350 Thread added: 0x0000022c77c4fbf0
Event: 38.624 Thread 0x0000022c73008350 Thread added: 0x0000022c77c529e0
Event: 38.851 Thread 0x0000022c73008350 Thread added: 0x0000022c77c53070
Event: 38.851 Thread 0x0000022c73008350 Thread added: 0x0000022c77c52350


Dynamic libraries:
0x00007ff6a6d80000 - 0x00007ff6a6d8e000 	c:\Users\Ganesh\.vscode\extensions\redhat.java-1.43.1-win32-x64\jre\21.0.7-win32-x86_64\bin\java.exe
0x00007ff990820000 - 0x00007ff990a88000 	C:\WINDOWS\SYSTEM32\ntdll.dll
0x00007ff990370000 - 0x00007ff990439000 	C:\WINDOWS\System32\KERNEL32.DLL
0x00007ff98d970000 - 0x00007ff98dd5d000 	C:\WINDOWS\System32\KERNELBASE.dll
0x00007ff98e3c0000 - 0x00007ff98e50b000 	C:\WINDOWS\System32\ucrtbase.dll
0x00007ff979f80000 - 0x00007ff979f98000 	c:\Users\Ganesh\.vscode\extensions\redhat.java-1.43.1-win32-x64\jre\21.0.7-win32-x86_64\bin\jli.dll
0x00007ff98ff80000 - 0x00007ff99014c000 	C:\WINDOWS\System32\USER32.dll
0x00007ff98dd60000 - 0x00007ff98dd87000 	C:\WINDOWS\System32\win32u.dll
0x00007ff98f1b0000 - 0x00007ff98f1db000 	C:\WINDOWS\System32\GDI32.dll
0x00007ff98e280000 - 0x00007ff98e3b7000 	C:\WINDOWS\System32\gdi32full.dll
0x00007ff98e510000 - 0x00007ff98e5b3000 	C:\WINDOWS\System32\msvcp_win.dll
0x00007ff964520000 - 0x00007ff96453e000 	c:\Users\Ganesh\.vscode\extensions\redhat.java-1.43.1-win32-x64\jre\21.0.7-win32-x86_64\bin\VCRUNTIME140.dll
0x00007ff96ecb0000 - 0x00007ff96ef4a000 	C:\WINDOWS\WinSxS\amd64_microsoft.windows.common-controls_6595b64144ccf1df_6.0.26100.4484_none_3e0e6d4ce32ef3b3\COMCTL32.dll
0x00007ff98f1e0000 - 0x00007ff98f289000 	C:\WINDOWS\System32\msvcrt.dll
0x00007ff990570000 - 0x00007ff99059f000 	C:\WINDOWS\System32\IMM32.DLL
0x00007ff97a7f0000 - 0x00007ff97a7fc000 	c:\Users\Ganesh\.vscode\extensions\redhat.java-1.43.1-win32-x64\jre\21.0.7-win32-x86_64\bin\vcruntime140_1.dll
0x00007ff929e50000 - 0x00007ff929edd000 	c:\Users\Ganesh\.vscode\extensions\redhat.java-1.43.1-win32-x64\jre\21.0.7-win32-x86_64\bin\msvcp140.dll
0x00007ff90d870000 - 0x00007ff90e600000 	c:\Users\Ganesh\.vscode\extensions\redhat.java-1.43.1-win32-x64\jre\21.0.7-win32-x86_64\bin\server\jvm.dll
0x00007ff98fd00000 - 0x00007ff98fdb4000 	C:\WINDOWS\System32\ADVAPI32.dll
0x00007ff98ec00000 - 0x00007ff98eca6000 	C:\WINDOWS\System32\sechost.dll
0x00007ff990440000 - 0x00007ff990558000 	C:\WINDOWS\System32\RPCRT4.dll
0x00007ff98f040000 - 0x00007ff98f0b4000 	C:\WINDOWS\System32\WS2_32.dll
0x00007ff98d7c0000 - 0x00007ff98d81e000 	C:\WINDOWS\SYSTEM32\POWRPROF.dll
0x00007ff984a40000 - 0x00007ff984a75000 	C:\WINDOWS\SYSTEM32\WINMM.dll
0x00007ff97b9f0000 - 0x00007ff97b9fb000 	C:\WINDOWS\SYSTEM32\VERSION.dll
0x00007ff98d7a0000 - 0x00007ff98d7b4000 	C:\WINDOWS\SYSTEM32\UMPDC.dll
0x00007ff98c6e0000 - 0x00007ff98c6fb000 	C:\WINDOWS\SYSTEM32\kernel.appcore.dll
0x00007ff97a540000 - 0x00007ff97a54a000 	c:\Users\Ganesh\.vscode\extensions\redhat.java-1.43.1-win32-x64\jre\21.0.7-win32-x86_64\bin\jimage.dll
0x00007ff98af60000 - 0x00007ff98b1a1000 	C:\WINDOWS\SYSTEM32\DBGHELP.DLL
0x00007ff98ecb0000 - 0x00007ff98f036000 	C:\WINDOWS\System32\combase.dll
0x00007ff98f0c0000 - 0x00007ff98f1a0000 	C:\WINDOWS\System32\OLEAUT32.dll
0x00007ff96bb20000 - 0x00007ff96bb63000 	C:\WINDOWS\SYSTEM32\dbgcore.DLL
0x00007ff98dfd0000 - 0x00007ff98e069000 	C:\WINDOWS\System32\bcryptPrimitives.dll
0x00007ff9880b0000 - 0x00007ff9880bf000 	c:\Users\Ganesh\.vscode\extensions\redhat.java-1.43.1-win32-x64\jre\21.0.7-win32-x86_64\bin\instrument.dll
0x00007ff964500000 - 0x00007ff96451f000 	c:\Users\Ganesh\.vscode\extensions\redhat.java-1.43.1-win32-x64\jre\21.0.7-win32-x86_64\bin\java.dll
0x00007ff98f290000 - 0x00007ff98f9da000 	C:\WINDOWS\System32\SHELL32.dll
0x00007ff98e070000 - 0x00007ff98e1e4000 	C:\WINDOWS\System32\wintypes.dll
0x00007ff98b570000 - 0x00007ff98bdcb000 	C:\WINDOWS\SYSTEM32\windows.storage.dll
0x00007ff9906d0000 - 0x00007ff9907c5000 	C:\WINDOWS\System32\SHCORE.dll
0x00007ff990660000 - 0x00007ff9906ca000 	C:\WINDOWS\System32\shlwapi.dll
0x00007ff98d880000 - 0x00007ff98d8af000 	C:\WINDOWS\SYSTEM32\profapi.dll
0x00007ff95fa70000 - 0x00007ff95fa88000 	c:\Users\Ganesh\.vscode\extensions\redhat.java-1.43.1-win32-x64\jre\21.0.7-win32-x86_64\bin\zip.dll
0x00007ff97a190000 - 0x00007ff97a1a0000 	C:\Users\Ganesh\.vscode\extensions\redhat.java-1.43.1-win32-x64\jre\21.0.7-win32-x86_64\bin\net.dll
0x00007ff986190000 - 0x00007ff9862ae000 	C:\WINDOWS\SYSTEM32\WINHTTP.dll
0x00007ff98cc80000 - 0x00007ff98ccea000 	C:\WINDOWS\system32\mswsock.dll
0x00007ff95f420000 - 0x00007ff95f436000 	C:\Users\Ganesh\.vscode\extensions\redhat.java-1.43.1-win32-x64\jre\21.0.7-win32-x86_64\bin\nio.dll
0x00007ff979dd0000 - 0x00007ff979de0000 	c:\Users\Ganesh\.vscode\extensions\redhat.java-1.43.1-win32-x64\jre\21.0.7-win32-x86_64\bin\verify.dll
0x00007ff9728a0000 - 0x00007ff9728e5000 	C:\Users\Ganesh\AppData\Roaming\Code\User\globalStorage\redhat.java\1.43.1\config_win\org.eclipse.equinox.launcher\org.eclipse.equinox.launcher.win32.win32.x86_64_1.2.1300.v20250331-1702\eclipse_11911.dll
0x00007ff98fdd0000 - 0x00007ff98ff6e000 	C:\WINDOWS\System32\ole32.dll
0x00007ff98cf40000 - 0x00007ff98cf5b000 	C:\WINDOWS\SYSTEM32\CRYPTSP.dll
0x00007ff98c640000 - 0x00007ff98c67b000 	C:\WINDOWS\system32\rsaenh.dll
0x00007ff98cd20000 - 0x00007ff98cd4b000 	C:\WINDOWS\SYSTEM32\USERENV.dll
0x00007ff98d850000 - 0x00007ff98d876000 	C:\WINDOWS\SYSTEM32\bcrypt.dll
0x00007ff98cf30000 - 0x00007ff98cf3c000 	C:\WINDOWS\SYSTEM32\CRYPTBASE.dll
0x00007ff98c140000 - 0x00007ff98c173000 	C:\WINDOWS\SYSTEM32\IPHLPAPI.DLL
0x00007ff990560000 - 0x00007ff99056a000 	C:\WINDOWS\System32\NSI.dll
0x00007ff972850000 - 0x00007ff972899000 	C:\Users\Ganesh\AppData\Local\Temp\jna-2125628998\jna3106017754469864362.dll
0x00007ff990650000 - 0x00007ff990658000 	C:\WINDOWS\System32\PSAPI.DLL
0x00007ff9866a0000 - 0x00007ff9866bf000 	C:\WINDOWS\SYSTEM32\dhcpcsvc6.DLL
0x00007ff986670000 - 0x00007ff986695000 	C:\WINDOWS\SYSTEM32\dhcpcsvc.DLL

dbghelp: loaded successfully - version: 4.0.5 - missing functions: none
symbol engine: initialized successfully - sym options: 0x614 - pdb path: .;c:\Users\Ganesh\.vscode\extensions\redhat.java-1.43.1-win32-x64\jre\21.0.7-win32-x86_64\bin;C:\WINDOWS\SYSTEM32;C:\WINDOWS\WinSxS\amd64_microsoft.windows.common-controls_6595b64144ccf1df_6.0.26100.4484_none_3e0e6d4ce32ef3b3;c:\Users\Ganesh\.vscode\extensions\redhat.java-1.43.1-win32-x64\jre\21.0.7-win32-x86_64\bin\server;C:\Users\Ganesh\AppData\Roaming\Code\User\globalStorage\redhat.java\1.43.1\config_win\org.eclipse.equinox.launcher\org.eclipse.equinox.launcher.win32.win32.x86_64_1.2.1300.v20250331-1702;C:\Users\Ganesh\AppData\Local\Temp\jna-2125628998

VM Arguments:
jvm_args: --add-modules=ALL-SYSTEM --add-opens=java.base/java.util=ALL-UNNAMED --add-opens=java.base/java.lang=ALL-UNNAMED --add-opens=java.base/sun.nio.fs=ALL-UNNAMED -Declipse.application=org.eclipse.jdt.ls.core.id1 -Dosgi.bundles.defaultStartLevel=4 -Declipse.product=org.eclipse.jdt.ls.core.product -Djava.import.generatesMetadataFilesAtProjectRoot=false -DDetectVMInstallationsJob.disabled=true -Dfile.encoding=utf8 -XX:+UseParallelGC -XX:GCTimeRatio=4 -XX:AdaptiveSizePolicyWeight=90 -Dsun.zip.disableMemoryMapping=true -Xmx2G -Xms100m -Xlog:disable -javaagent:c:\Users\Ganesh\.vscode\extensions\redhat.java-1.43.1-win32-x64\lombok\lombok-1.18.39-4050.jar -XX:+HeapDumpOnOutOfMemoryError -XX:HeapDumpPath=c:\Users\Ganesh\AppData\Roaming\Code\User\workspaceStorage\d152122f1f3a3772a7c5a3d3f7966e4b\redhat.java -Daether.dependencyCollector.impl=bf 
java_command: c:\Users\Ganesh\.vscode\extensions\redhat.java-1.43.1-win32-x64\server\plugins\org.eclipse.equinox.launcher_1.7.0.v20250519-0528.jar -configuration c:\Users\Ganesh\AppData\Roaming\Code\User\globalStorage\redhat.java\1.43.1\config_win -data c:\Users\Ganesh\AppData\Roaming\Code\User\workspaceStorage\d152122f1f3a3772a7c5a3d3f7966e4b\redhat.java\jdt_ws --pipe=\\.\pipe\lsp-62fb870d29ff1408e6ba613dce759bd4-sock
java_class_path (initial): c:\Users\Ganesh\.vscode\extensions\redhat.java-1.43.1-win32-x64\server\plugins\org.eclipse.equinox.launcher_1.7.0.v20250519-0528.jar
Launcher Type: SUN_STANDARD

[Global flags]
    uintx AdaptiveSizePolicyWeight                 = 90                                        {product} {command line}
     intx CICompilerCount                          = 4                                         {product} {ergonomic}
    uintx GCTimeRatio                              = 4                                         {product} {command line}
     bool HeapDumpOnOutOfMemoryError               = true                                   {manageable} {command line}
    ccstr HeapDumpPath                             = c:\Users\Ganesh\AppData\Roaming\Code\User\workspaceStorage\d152122f1f3a3772a7c5a3d3f7966e4b\redhat.java         {manageable} {command line}
   size_t InitialHeapSize                          = 104857600                                 {product} {command line}
   size_t MaxHeapSize                              = 2147483648                                {product} {command line}
   size_t MaxNewSize                               = 715653120                                 {product} {ergonomic}
   size_t MinHeapDeltaBytes                        = 524288                                    {product} {ergonomic}
   size_t MinHeapSize                              = 104857600                                 {product} {command line}
   size_t NewSize                                  = 34603008                                  {product} {ergonomic}
    uintx NonNMethodCodeHeapSize                   = 5839372                                {pd product} {ergonomic}
    uintx NonProfiledCodeHeapSize                  = 122909434                              {pd product} {ergonomic}
   size_t OldSize                                  = 70254592                                  {product} {ergonomic}
    uintx ProfiledCodeHeapSize                     = 122909434                              {pd product} {ergonomic}
    uintx ReservedCodeCacheSize                    = 251658240                              {pd product} {ergonomic}
     bool SegmentedCodeCache                       = true                                      {product} {ergonomic}
   size_t SoftMaxHeapSize                          = 2147483648                             {manageable} {ergonomic}
     bool UseCompressedOops                        = true                           {product lp64_product} {ergonomic}
     bool UseLargePagesIndividualAllocation        = false                                  {pd product} {ergonomic}
     bool UseParallelGC                            = true                                      {product} {command line}

Logging:
Log output configuration:
 #0: stdout all=off uptime,level,tags foldmultilines=false
 #1: stderr all=off uptime,level,tags foldmultilines=false

Environment Variables:
JAVA_HOME=C:\Program Files\Java\jdk-17
PATH=C:\Program Files\Common Files\Oracle\Java\javapath;C:\Program Files\Python311\Scripts\;C:\Program Files\Python311\;C:\WINDOWS\system32;C:\WINDOWS;C:\WINDOWS\System32\Wbem;C:\WINDOWS\System32\WindowsPowerShell\v1.0\;C:\WINDOWS\System32\OpenSSH\;C:\Program Files\Git\cmd;C:\Users\Ganesh\.bun\bin;C:\Program Files\Java\jdk-17\bin;C:\Users\Ganesh\AppData\Local\Android\Sdk\emulator;C:\Program Files\nodejs\;C:\Users\Ganesh\AppData\Local\Android\Sdk\platform-tools;C:\Users\Ganesh\AppData\Local\Android\Sdk\emulator;C:\Users\Ganesh\AppData\Local\Android\Sdk\tools;C:\Users\Ganesh\AppData\Local\Android\Sdk\tools\bin;C:\Users\Ganesh\AppData\Local\Microsoft\WindowsApps;C:\Users\Ganesh\AppData\Local\Programs\Microsoft VS Code\bin;C:\Program Files\JetBrains\PyCharm Community Edition 2023.1.3\bin;;C:\Users\Ganesh\.bun\bin;C:\Users\Ganesh\openjdk-17.0.2\bin;C:\Users\Ganesh\AppData\Local\Android\Sdk;C:\Users\Ganesh\AppData\Local\Android\Sdk\platform-tools;C:\Users\Ganesh\AppData\Roaming\npm;
USERNAME=Ganesh
OS=Windows_NT
PROCESSOR_IDENTIFIER=Intel64 Family 6 Model 154 Stepping 4, GenuineIntel
TMP=C:\Users\Ganesh\AppData\Local\Temp
TEMP=C:\Users\Ganesh\AppData\Local\Temp




Periodic native trim disabled

---------------  S Y S T E M  ---------------

OS:
 Windows 11 , 64 bit Build 26100 (10.0.26100.4484)
OS uptime: 3 days 0:20 hours
Hyper-V role detected

CPU: total 12 (initial active 12) (6 cores per cpu, 2 threads per core) family 6 model 154 stepping 4 microcode 0x424, cx8, cmov, fxsr, ht, mmx, 3dnowpref, sse, sse2, sse3, ssse3, sse4.1, sse4.2, popcnt, lzcnt, tsc, tscinvbit, avx, avx2, aes, erms, clmul, bmi1, bmi2, adx, sha, fma, vzeroupper, clflush, clflushopt, clwb, hv, serialize, rdtscp, rdpid, fsrm, f16c, cet_ibt, cet_ss
Processor Information for processor 0
  Max Mhz: 1300, Current Mhz: 1300, Mhz Limit: 1300
Processor Information for processor 1
  Max Mhz: 1300, Current Mhz: 1300, Mhz Limit: 1300
Processor Information for processor 2
  Max Mhz: 1300, Current Mhz: 1300, Mhz Limit: 1300
Processor Information for processor 3
  Max Mhz: 1300, Current Mhz: 1300, Mhz Limit: 1300
Processor Information for processor 4
  Max Mhz: 900, Current Mhz: 900, Mhz Limit: 900
Processor Information for processor 5
  Max Mhz: 900, Current Mhz: 900, Mhz Limit: 900
Processor Information for processor 6
  Max Mhz: 900, Current Mhz: 900, Mhz Limit: 900
Processor Information for processor 7
  Max Mhz: 900, Current Mhz: 900, Mhz Limit: 900
Processor Information for processor 8
  Max Mhz: 900, Current Mhz: 900, Mhz Limit: 900
Processor Information for processor 9
  Max Mhz: 900, Current Mhz: 900, Mhz Limit: 900
Processor Information for processor 10
  Max Mhz: 900, Current Mhz: 900, Mhz Limit: 900
Processor Information for processor 11
  Max Mhz: 900, Current Mhz: 900, Mhz Limit: 900

Memory: 4k page, system-wide physical 16108M (2175M free)
TotalPageFile size 41672M (AvailPageFile size 2M)
current process WorkingSet (physical memory assigned to process): 569M, peak: 569M
current process commit charge ("private bytes"): 578M, peak: 579M

vm_info: OpenJDK 64-Bit Server VM (21.0.7+6-LTS) for windows-amd64 JRE (21.0.7+6-LTS), built on 2025-04-15T00:00:00Z by "admin" with MS VC++ 17.7 (VS2022)

END.
